// Jest Snapshot v1, https://goo.gl/fbAQLP

exports[`snapshot should take a snapshot 1`] = `
<DocumentFragment>
  <ul
    class="recentLocations"
  />
</DocumentFragment>
`;
